    Finished `dev` profile [unoptimized + debuginfo] target(s) in 0.09s
     Running `target/debug/payments-engine transactions_2.csv`
